// Jest Snapshot v1, https://goo.gl/fbAQLP

exports[`App component should render App component 1`] = `
<div
  className="makeStyles-root-1"
>
  <NavBar />
  <Timeline
    lineStyle={Object {}}
    style={Object {}}
  >
    <TimelineEvent
      bubbleStyle={Object {}}
      cardHeaderStyle={Object {}}
      className="makeStyles-timelineEvent-2"
      contentStyle={Object {}}
      createdAt="7:20"
      icon={
        <i
          className="material-icons md-18"
        >
          album
        </i>
      }
      iconStyle={Object {}}
      key="GROUND"
      onClick={[Function]}
      onIconClick={[Function]}
      orientation="left"
      showContent={false}
      style={Object {}}
      subtitleStyle={Object {}}
      title=""
      titleStyle={Object {}}
    >
      <Ground
        address="Alte Schönhauser Straße 3, 10119 Berlin"
      />
    </TimelineEvent>
    <TimelineEvent
      bubbleStyle={Object {}}
      cardHeaderStyle={Object {}}
      className="makeStyles-timelineEvent-2"
      contentStyle={Object {}}
      createdAt="8:00"
      icon={
        <i
          className="material-icons md-18"
        >
          album
        </i>
      }
      iconStyle={Object {}}
      key="AIRPORT"
      onClick={[Function]}
      onIconClick={[Function]}
      orientation="left"
      showContent={false}
      style={Object {}}
      subtitleStyle={Object {}}
      title=""
      titleStyle={Object {}}
    >
      <Takeoff
        airportName="TXL"
        busynessIndex={10}
      />
    </TimelineEvent>
    <TimelineEvent
      bubbleStyle={Object {}}
      cardHeaderStyle={Object {}}
      className="makeStyles-timelineEvent-2"
      contentStyle={Object {}}
      createdAt="9:00"
      icon={
        <i
          className="material-icons md-18"
        >
          album
        </i>
      }
      iconStyle={Object {}}
      key="FLIGHT"
      onClick={[Function]}
      onIconClick={[Function]}
      orientation="left"
      showContent={false}
      style={Object {}}
      subtitleStyle={Object {}}
      title=""
      titleStyle={Object {}}
    >
      <Landing
        boardingTime={1523601000}
        destination="MUC"
        flightNumber="LH2031"
        gate="12C"
        isOnTime={true}
        origin="TXL"
        seat="C12"
      />
    </TimelineEvent>
  </Timeline>
</div>
`;
